// Jest Snapshot v1, https://goo.gl/fbAQLP

exports[`should ExpenseItem render with data 1`] = `
<div>
  <Link
    to="/edit/0"
  >
    <h3>
      Expense : 
      cat
    </h3>
  </Link>
  <ul>
    <li>
      amount: 
      $0.01
    </li>
    <li>
      create at: 
      January 1st, 1970
    </li>
  </ul>
</div>
`;
